﻿­ƒÜÇ Iniciando creaci├│n de usuario y veh├¡culo de prueba...
node : ÔØî Error durante la 
creaci├│n: PrismaClientInitial
izationError: 
En línea: 1 Carácter: 1
+ node 
scripts/create-tester.js > 
test_output.txt 2>&1
+ ~~~~~~~~~~~~~~~~~~~~~~~~~~~~
~~~~~~~~~~~~~~~~~~~~~~~~
    + CategoryInfo          : 
    NotSpecified: (ÔØî Error  
   duran...lizationError: :   
 String) [], RemoteExcepti    
on
    + FullyQualifiedErrorId : 
    NativeCommandError
 
Invalid 
`prisma.user.upsert()` 
invocation in
C:\Users\rowel\proyecto_notify
car\scripts\create-tester.js:1
7:40

  14 
  15 // 1. Crear o actualizar 
usuario
  16 const hashedPassword = 
await bcrypt.hash("test1234", 
10)
ÔåÆ 17 const user = await 
prisma.user.upsert(
Can't reach database server 
at `localhost:5433`

Please make sure your 
database server is running at 
`localhost:5433`.
    at $n.handleRequestError (
C:\Users\rowel\proyecto_notify
car\src\generated\client\runti
me\library.js:121:7615)
    at 
$n.handleAndLogRequestError (C
:\Users\rowel\proyecto_notifyc
ar\src\generated\client\runtim
e\library.js:121:6623)
    at $n.request (C:\Users\ro
wel\proyecto_notifycar\src\gen
erated\client\runtime\library.
js:121:6307)
    at async l (C:\Users\rowel
\proyecto_notifycar\src\genera
ted\client\runtime\library.js:
130:9633)
    at async main (C:\Users\ro
wel\proyecto_notifycar\scripts
\create-tester.js:17:22) {
  clientVersion: '5.22.0',
  errorCode: undefined
}
